// Jest Snapshot v1, https://goo.gl/fbAQLP

exports[`Testa <NotificacaoContainer /> Deve renderizar <NotificacaoContainer />  1`] = `
<Fragment>
  <WithStyles(notificacao) />
</Fragment>
`;
